F:\workspace\JAVA\demo\src\main\java\com\stringboot\demo\service\WeixinService.java
F:\workspace\JAVA\demo\src\main\java\com\stringboot\demo\utils\ResultUtil.java
F:\workspace\JAVA\demo\src\main\java\com\stringboot\demo\controller\WeixinController.java
F:\workspace\JAVA\demo\src\main\java\com\stringboot\demo\handle\ExceptionHandle.java
F:\workspace\JAVA\demo\src\main\java\com\stringboot\demo\service\AccountService.java
F:\workspace\JAVA\demo\src\main\java\com\stringboot\demo\exception\AccountException.java
F:\workspace\JAVA\demo\src\main\java\com\stringboot\demo\help\weixin\object\WxObject.java
F:\workspace\JAVA\demo\src\main\java\com\stringboot\demo\help\weixin\object\WxVerifyObject.java
F:\workspace\JAVA\demo\src\main\java\com\stringboot\demo\help\weixin\object\WxPayObject.java
F:\workspace\JAVA\demo\src\main\java\com\stringboot\demo\utils\SignUtil.java
F:\workspace\JAVA\demo\src\main\java\com\stringboot\demo\controller\IndexController.java
F:\workspace\JAVA\demo\src\main\java\com\stringboot\demo\help\weixin\object\WxAuthObject.java
F:\workspace\JAVA\demo\src\main\java\com\stringboot\demo\utils\WebUtils.java
F:\workspace\JAVA\demo\src\main\java\com\stringboot\demo\help\weixin\WxAuth.java
F:\workspace\JAVA\demo\src\main\java\com\stringboot\demo\help\weixin\WxConfig.java
F:\workspace\JAVA\demo\src\main\java\com\stringboot\demo\DemoApplication.java
F:\workspace\JAVA\demo\src\main\java\com\stringboot\demo\entity\AccountEntity.java
F:\workspace\JAVA\demo\src\main\java\com\stringboot\demo\aspect\HttpAspect.java
F:\workspace\JAVA\demo\src\main\java\com\stringboot\demo\help\Result.java
F:\workspace\JAVA\demo\src\main\java\com\stringboot\demo\reposity\AccountReposity.java
